$mysql -p -u root
Enter password: 
Welcome to the MySQL monitor.  Commands end with ; or \g.
Your MySQL connection id is 5
Server version: 5.7.19 Homebrew

Copyright (c) 2000, 2017, Oracle and/or its affiliates. All rights reserved.

Oracle is a registered trademark of Oracle Corporation and/or its
affiliates. Other names may be trademarks of their respective
owners.

Type 'help;' or '\h' for help. Type '\c' to clear the current input statement.

mysql> select '<info_to_display>' AS ' ';
+-------------------+
|                   |
+-------------------+
| <info_to_display> |
+-------------------+
1 row in set, 1 warning (0.00 sec)

mysql> drop database sample_db;
ERROR 1008 (HY000): Can't drop database 'sample_db'; database doesn't exist
mysql> create database sample_db;
Query OK, 1 row affected (0.01 sec)

mysql> use sample_db;
Database changed
mysql> create table sample_table (
    ->         no smallint unsigned,
    ->         id varchar(36) not null,
    ->         pw varchar(36) not null,
    ->         name varchar(128) not null,
    ->         primary key (no)
    -> );
Query OK, 0 rows affected (0.01 sec)

mysql> insert into sample_table values(1,'testa','0000','a_san');
Query OK, 1 row affected (0.01 sec)

mysql> insert into sample_table values('2','testb','1111','b_san');
Query OK, 1 row affected (0.00 sec)

mysql> insert into sample_table values('3','testc','2222','c_san');
Query OK, 1 row affected (0.01 sec)

mysql> insert into sample_table values('4','testd','3333','d_san');
Query OK, 1 row affected (0.00 sec)

mysql> insert into sample_table values('5','teste','4444','e_san');
Query OK, 1 row affected (0.00 sec)

mysql> select * from sample_table;
+----+-------+------+-------+
| no | id    | pw   | name  |
+----+-------+------+-------+
|  1 | testa | 0000 | a_san |
|  2 | testb | 1111 | b_san |
|  3 | testc | 2222 | c_san |
|  4 | testd | 3333 | d_san |
|  5 | teste | 4444 | e_san |
+----+-------+------+-------+
5 rows in set (0.00 sec)

$mysql -u root -p < create.sql
Enter password: 

<info_to_display>
Database
information_schema
mysql
paging_php
performance_schema
sample_db
userinfo
Tables_in_sample_db
sample_table
no	id	pw	name
1	testa	0000	a_san
2	testb	1111	b_san
3	testc	2222	c_san
4	testd	3333	d_san
5	teste	4444	e_san

$mysql -u root -p
Enter password: 
Welcome to the MySQL monitor.  Commands end with ; or \g.
Your MySQL connection id is 9
Server version: 5.7.19 Homebrew

Copyright (c) 2000, 2017, Oracle and/or its affiliates. All rights reserved.

Oracle is a registered trademark of Oracle Corporation and/or its
affiliates. Other names may be trademarks of their respective
owners.

Type 'help;' or '\h' for help. Type '\c' to clear the current input statement.

mysql> show databases;
+--------------------+
| Database           |
+--------------------+
| information_schema |
| mysql              |
| paging_php         |
| performance_schema |
| sample_db          |
| userinfo           |
+--------------------+
6 rows in set (0.00 sec)

mysql> use sample_db;
Reading table information for completion of table and column names
You can turn off this feature to get a quicker startup with -A

Database changed
mysql> show tables;
+---------------------+
| Tables_in_sample_db |
+---------------------+
| sample_table        |
+---------------------+
1 row in set (0.00 sec)

mysql> select * from sample_table;
+----+-------+------+-------+
| no | id    | pw   | name  |
+----+-------+------+-------+
|  1 | testa | 0000 | a_san |
|  2 | testb | 1111 | b_san |
|  3 | testc | 2222 | c_san |
|  4 | testd | 3333 | d_san |
|  5 | teste | 4444 | e_san |
+----+-------+------+-------+
5 rows in set (0.00 sec)